--- Startup times for process: Primary (or UI client) ---

times in msec
 clock   self+sourced   self:  sourced script
 clock   elapsed:              other lines

000.001  000.001: --- NVIM STARTING ---
000.089  000.088: event init
001.047  000.958: early init
001.594  000.546: locale set
001.618  000.025: init first window
002.420  000.802: inits 1
002.430  000.010: window checked
002.435  000.004: parsing arguments
003.330  000.049  000.049: require('vim._core.shared')
003.414  000.006  000.006: require('string.buffer')
003.442  000.051  000.045: require('vim.inspect')
003.493  000.042  000.042: require('vim._core.options')
003.496  000.161  000.068: require('vim._core.editor')
003.531  000.034  000.034: require('vim._core.system')
003.533  000.282  000.038: require('vim._init_packages')
003.535  000.819: init lua interpreter
009.019  005.483: nvim_ui_attach
009.529  000.510: nvim_set_client_info
009.532  000.003: --- NVIM STARTED ---

--- Startup times for process: Embedded ---

times in msec
 clock   self+sourced   self:  sourced script
 clock   elapsed:              other lines

000.000  000.000: --- NVIM STARTING ---
000.084  000.083: event init
000.253  000.169: early init
000.679  000.426: locale set
000.708  000.029: init first window
001.130  000.422: inits 1
001.145  000.015: window checked
001.151  000.006: parsing arguments
001.689  000.044  000.044: require('vim._core.shared')
001.762  000.005  000.005: require('string.buffer')
001.786  000.045  000.039: require('vim.inspect')
001.833  000.038  000.038: require('vim._core.options')
001.835  000.143  000.060: require('vim._core.editor')
001.868  000.032  000.032: require('vim._core.system')
001.869  000.251  000.033: require('vim._init_packages')
001.871  000.469: init lua interpreter
004.327  002.456: expanding arguments
004.353  000.027: inits 2
004.758  000.405: init highlight
004.762  000.003: waiting for UI
005.320  000.559: done waiting for UI
005.326  000.006: clear screen
005.483  000.012  000.012: require('vim.keymap')
006.408  000.141  000.141: sourcing nvim_exec2()
006.434  000.004  000.004: require('vim._core.log')
007.921  002.590  002.433: require('vim._core.defaults')
007.924  000.008: init default mappings & autocommands
009.988  000.213  000.213: sourcing /opt/homebrew/Cellar/neovim/HEAD-9231701/share/nvim/runtime/ftplugin.vim
010.394  000.158  000.158: sourcing /opt/homebrew/Cellar/neovim/HEAD-9231701/share/nvim/runtime/indent.vim
011.411  000.713  000.713: require('lsp')
011.857  000.444  000.444: require('options')
012.266  000.407  000.407: require('netrw')
012.812  000.544  000.544: require('keymaps')
013.194  000.381  000.381: require('find')
013.491  000.295  000.295: require('grep')
013.957  000.464  000.464: require('statusline')
014.256  000.298  000.298: require('autocommands')
014.591  000.332  000.332: require('colorscheme')
014.949  000.356  000.356: require('plugins')
015.371  000.419  000.419: require('tracker')
057.237  046.700  042.047: sourcing /Users/arya/.config/nvim/init.lua
057.259  002.263: sourcing vimrc file(s)
057.779  000.046  000.046: sourcing nvim_exec2() called at /opt/homebrew/Cellar/neovim/HEAD-9231701/share/nvim/runtime/filetype.lua:0
057.782  000.259  000.213: sourcing /opt/homebrew/Cellar/neovim/HEAD-9231701/share/nvim/runtime/filetype.lua
058.364  000.195  000.195: sourcing /opt/homebrew/Cellar/neovim/HEAD-9231701/share/nvim/runtime/syntax/synload.vim
058.417  000.447  000.252: sourcing /opt/homebrew/Cellar/neovim/HEAD-9231701/share/nvim/runtime/syntax/syntax.vim
060.335  000.234  000.234: sourcing /opt/homebrew/Cellar/neovim/HEAD-9231701/share/nvim/runtime/plugin/gzip.vim
061.906  000.238  000.238: sourcing /opt/homebrew/Cellar/neovim/HEAD-9231701/share/nvim/runtime/pack/dist/opt/matchit/plugin/matchit.vim
061.947  001.565  001.326: sourcing /opt/homebrew/Cellar/neovim/HEAD-9231701/share/nvim/runtime/plugin/matchit.vim
062.239  000.249  000.249: sourcing /opt/homebrew/Cellar/neovim/HEAD-9231701/share/nvim/runtime/plugin/matchparen.vim
063.138  000.160  000.160: sourcing /opt/homebrew/Cellar/neovim/HEAD-9231701/share/nvim/runtime/pack/dist/opt/netrw/plugin/netrwPlugin.vim
063.174  000.888  000.728: sourcing /opt/homebrew/Cellar/neovim/HEAD-9231701/share/nvim/runtime/plugin/netrwPlugin.vim
063.333  000.115  000.115: sourcing /opt/homebrew/Cellar/neovim/HEAD-9231701/share/nvim/runtime/plugin/rplugin.vim
063.454  000.073  000.073: sourcing /opt/homebrew/Cellar/neovim/HEAD-9231701/share/nvim/runtime/plugin/tarPlugin.vim
063.528  000.031  000.031: sourcing /opt/homebrew/Cellar/neovim/HEAD-9231701/share/nvim/runtime/plugin/tutor.vim
063.661  000.086  000.086: sourcing /opt/homebrew/Cellar/neovim/HEAD-9231701/share/nvim/runtime/plugin/zipPlugin.vim
063.775  000.071  000.071: sourcing /opt/homebrew/Cellar/neovim/HEAD-9231701/share/nvim/runtime/plugin/editorconfig.lua
063.896  000.077  000.077: sourcing /opt/homebrew/Cellar/neovim/HEAD-9231701/share/nvim/runtime/plugin/man.lua
064.050  000.111  000.111: sourcing /opt/homebrew/Cellar/neovim/HEAD-9231701/share/nvim/runtime/plugin/net.lua
064.183  000.089  000.089: sourcing /opt/homebrew/Cellar/neovim/HEAD-9231701/share/nvim/runtime/plugin/osc52.lua
064.326  000.100  000.100: sourcing /opt/homebrew/Cellar/neovim/HEAD-9231701/share/nvim/runtime/plugin/shada.lua
064.417  000.043  000.043: sourcing /opt/homebrew/Cellar/neovim/HEAD-9231701/share/nvim/runtime/plugin/spellfile.lua
064.442  002.745: loading rtp plugins
064.695  000.254: loading packages
065.078  000.382: loading after plugins
065.086  000.008: inits 3
068.520  003.434: reading ShaDa
068.624  000.104: opening buffers
096.010  027.385: BufEnter autocommands
096.013  000.003: editing files in windows
096.028  000.015: --- NVIM STARTED ---

